{
  "expectPanic": true,
  "panicMessage": "panic: Division by zero error",
  "expectedExitCode": 1
}
