{
  "skipBackends": ["vm"],
  "backends": {
    "cpp": {},
    "js": {}
  }
}
