Hello world!
{"x":10,"y":12}
How are you? {"x":10,"y":12}
