{
  "onlyBackends": ["cpp", "vm"],
  "backends": {
    "cpp": { "expectPanic": true },
    "vm": { "expectPanic": false }
  }
}
