Hello World
The answer is 42!
Boolean: true, Double: 3.141590
Cleared and reused
