Hello, World!|Name: World, Age: 25, Active: Yes|Mr. World is 25 years old|3|10 + 5 = 15|Outer: Inner: World